#-----------------------------------------------------------
# Vivado v2021.2 (64-bit)
# SW Build 3367213 on Tue Oct 19 02:47:39 MDT 2021
# IP Build 3369179 on Thu Oct 21 08:25:16 MDT 2021
# Start of session at: Fri Nov 25 16:35:09 2022
# Process ID: 71501
# Current directory: /home/oppy/Repositories/interruptEvaluation/Project/vivado/z7_int_test_v1_plat/z7_int_test_v1_plat.runs/impl_1
# Command line: vivado -log design_int_test_z7_v1_wrapper.vdi -applog -product Vivado -messageDb vivado.pb -mode batch -source design_int_test_z7_v1_wrapper.tcl -notrace
# Log file: /home/oppy/Repositories/interruptEvaluation/Project/vivado/z7_int_test_v1_plat/z7_int_test_v1_plat.runs/impl_1/design_int_test_z7_v1_wrapper.vdi
# Journal file: /home/oppy/Repositories/interruptEvaluation/Project/vivado/z7_int_test_v1_plat/z7_int_test_v1_plat.runs/impl_1/vivado.jou
# Running On: oppy, OS: Linux, CPU Frequency: 3600.000 MHz, CPU Physical cores: 10, Host memory: 33457 MB
#-----------------------------------------------------------
source design_int_test_z7_v1_wrapper.tcl -notrace
