#-----------------------------------------------------------
# Vivado v2021.2 (64-bit)
# SW Build 3367213 on Tue Oct 19 02:47:39 MDT 2021
# IP Build 3369179 on Thu Oct 21 08:25:16 MDT 2021
# Start of session at: Wed Oct 19 22:48:11 2022
# Process ID: 46559
# Current directory: /home/oppy/vivado_workspace/zcu106_plat_int_measurement_v3/zcu106_plat_int_measurement.runs/impl_1
# Command line: vivado -log zcu106_int_meas_plat_wrapper.vdi -applog -product Vivado -messageDb vivado.pb -mode batch -source zcu106_int_meas_plat_wrapper.tcl -notrace
# Log file: /home/oppy/vivado_workspace/zcu106_plat_int_measurement_v3/zcu106_plat_int_measurement.runs/impl_1/zcu106_int_meas_plat_wrapper.vdi
# Journal file: /home/oppy/vivado_workspace/zcu106_plat_int_measurement_v3/zcu106_plat_int_measurement.runs/impl_1/vivado.jou
# Running On: oppy, OS: Linux, CPU Frequency: 3600.000 MHz, CPU Physical cores: 10, Host memory: 33457 MB
#-----------------------------------------------------------
source zcu106_int_meas_plat_wrapper.tcl -notrace
