#-----------------------------------------------------------
# Vivado v2021.2 (64-bit)
# SW Build 3367213 on Tue Oct 19 02:47:39 MDT 2021
# IP Build 3369179 on Thu Oct 21 08:25:16 MDT 2021
# Start of session at: Tue Nov  8 19:18:21 2022
# Process ID: 324051
# Current directory: /home/oppy/Repositories/interruptEvaluation/Project/vivado/int_test_plat_v4/int_test_plat_v4.runs/synth_1
# Command line: vivado -log int_design_wrapper.vds -product Vivado -mode batch -messageDb vivado.pb -notrace -source int_design_wrapper.tcl
# Log file: /home/oppy/Repositories/interruptEvaluation/Project/vivado/int_test_plat_v4/int_test_plat_v4.runs/synth_1/int_design_wrapper.vds
# Journal file: /home/oppy/Repositories/interruptEvaluation/Project/vivado/int_test_plat_v4/int_test_plat_v4.runs/synth_1/vivado.jou
# Running On: oppy, OS: Linux, CPU Frequency: 3600.000 MHz, CPU Physical cores: 10, Host memory: 33457 MB
#-----------------------------------------------------------
source int_design_wrapper.tcl -notrace
