#-----------------------------------------------------------
# Vivado v2021.2 (64-bit)
# SW Build 3367213 on Tue Oct 19 02:47:39 MDT 2021
# IP Build 3369179 on Thu Oct 21 08:25:16 MDT 2021
# Start of session at: Sat Apr 16 21:04:15 2022
# Process ID: 205636
# Current directory: /home/oppy/vivado_workspace/zcu106_plat_int_measurement/zcu106_plat_int_measurement.runs/zcu106_int_meas_plat_zynq_ultra_ps_e_0_0_synth_1
# Command line: vivado -log zcu106_int_meas_plat_zynq_ultra_ps_e_0_0.vds -product Vivado -mode batch -messageDb vivado.pb -notrace -source zcu106_int_meas_plat_zynq_ultra_ps_e_0_0.tcl
# Log file: /home/oppy/vivado_workspace/zcu106_plat_int_measurement/zcu106_plat_int_measurement.runs/zcu106_int_meas_plat_zynq_ultra_ps_e_0_0_synth_1/zcu106_int_meas_plat_zynq_ultra_ps_e_0_0.vds
# Journal file: /home/oppy/vivado_workspace/zcu106_plat_int_measurement/zcu106_plat_int_measurement.runs/zcu106_int_meas_plat_zynq_ultra_ps_e_0_0_synth_1/vivado.jou
# Running On: oppy, OS: Linux, CPU Frequency: 3600.000 MHz, CPU Physical cores: 10, Host memory: 33459 MB
#-----------------------------------------------------------
source zcu106_int_meas_plat_zynq_ultra_ps_e_0_0.tcl -notrace
